// Jest Snapshot v1, https://goo.gl/fbAQLP

exports[`ChipBase component renders properly 1`] = `
<div
  className="webex-chip chip"
>
  <div />
  <div
    className="webex-chip-action action"
  >
    <Icon
      append={false}
      ariaLabel="Delete Share"
      buttonClassName=""
      buttonProps={null}
      className=""
      color=""
      description=""
      name="icon-cancel_16"
      onClick={[Function]}
      prepend={false}
      size={null}
      sizeOverride={false}
      style={null}
      title=""
      type=""
    />
  </div>
</div>
`;
