// Jest Snapshot v1, https://goo.gl/fbAQLP

exports[`MessageComposer component snapshot tests renders properly 1`] = `
<div
  className="webex-message-composer messageComposer"
>
  <div
    className="webex-message-composer-buttons buttonsArea"
  >
    <button
      alt=""
      aria-labelledby=""
      aria-pressed={null}
      className="md-button md-button--circle md-button--none"
      data-md-event-key="md-button-1"
      disabled={false}
      id="md-button-1"
      onClick={[Function]}
      onKeyDown={[Function]}
      style={
        Object {
          "style": Object {},
        }
      }
      tabIndex={0}
      type="button"
    >
      <span
        className="md-button__children"
        style={
          Object {
            "opacity": "1",
          }
        }
      >
        <input
          className="webex-file-input fileInput"
          id="messageFileInput-FAKE_INPUT_ID"
          multiple="multiple"
          onChange={[Function]}
          type="file"
        />
        <label
          htmlFor="messageFileInput-FAKE_INPUT_ID"
        >
          <i
            aria-label="Attach Files"
            className="md-icon icon icon-attachment_16"
            style={
              Object {
                "fontSize": 16,
              }
            }
          />
        </label>
      </span>
    </button>
  </div>
  <div
    className="webex-textarea-container textAreaContainer"
  >
    <div
      style={
        Object {
          "overflowY": "visible",
          "position": "relative",
        }
      }
    >
      <div
        style={Object {}}
      >
        <div
          style={
            Object {
              "backgroundColor": "transparent",
              "bottom": 0,
              "boxSizing": "border-box",
              "color": "transparent",
              "display": "block",
              "height": "100%",
              "overflow": "hidden",
              "position": "relative",
              "resize": "none",
              "top": 0,
              "whiteSpace": "pre-wrap",
              "width": "inherit",
              "wordWrap": "break-word",
            }
          }
        >
           
        </div>
        <textarea
          onBlur={[Function]}
          onChange={[Function]}
          onCompositionEnd={[Function]}
          onCompositionStart={[Function]}
          onFocus={[Function]}
          onKeyDown={[Function]}
          onSelect={[Function]}
          onSubmit={[Function]}
          placeholder="Message Placeholder"
          rows={1}
          style={
            Object {
              "backgroundColor": "transparent",
              "bottom": 0,
              "boxSizing": "border-box",
              "display": "block",
              "height": "100%",
              "overflow": "hidden",
              "position": "absolute",
              "resize": "none",
              "top": 0,
              "width": "100%",
            }
          }
          value=""
        />
      </div>
    </div>
  </div>
</div>
`;

exports[`MessageComposer component snapshot tests renders submit button 1`] = `
<div
  className="webex-message-composer messageComposer"
>
  <div
    className="webex-message-composer-buttons buttonsArea"
  >
    <button
      alt=""
      aria-labelledby=""
      aria-pressed={null}
      className="md-button md-button--circle md-button--none"
      data-md-event-key="md-button-2"
      disabled={false}
      id="md-button-2"
      onClick={[Function]}
      onKeyDown={[Function]}
      style={
        Object {
          "style": Object {},
        }
      }
      tabIndex={0}
      type="button"
    >
      <span
        className="md-button__children"
        style={
          Object {
            "opacity": "1",
          }
        }
      >
        <input
          className="webex-file-input fileInput"
          id="messageFileInput-FAKE_INPUT_ID"
          multiple="multiple"
          onChange={[Function]}
          type="file"
        />
        <label
          htmlFor="messageFileInput-FAKE_INPUT_ID"
        >
          <i
            aria-label="Attach Files"
            className="md-icon icon icon-attachment_16"
            style={
              Object {
                "fontSize": 16,
              }
            }
          />
        </label>
      </span>
    </button>
  </div>
  <div
    className="webex-textarea-container textAreaContainer"
  >
    <div
      style={
        Object {
          "overflowY": "visible",
          "position": "relative",
        }
      }
    >
      <div
        style={Object {}}
      >
        <div
          style={
            Object {
              "backgroundColor": "transparent",
              "bottom": 0,
              "boxSizing": "border-box",
              "color": "transparent",
              "display": "block",
              "height": "100%",
              "overflow": "hidden",
              "position": "relative",
              "resize": "none",
              "top": 0,
              "whiteSpace": "pre-wrap",
              "width": "inherit",
              "wordWrap": "break-word",
            }
          }
        >
           
        </div>
        <textarea
          onBlur={[Function]}
          onChange={[Function]}
          onCompositionEnd={[Function]}
          onCompositionStart={[Function]}
          onFocus={[Function]}
          onKeyDown={[Function]}
          onSelect={[Function]}
          onSubmit={[Function]}
          placeholder="Message Placeholder"
          rows={1}
          style={
            Object {
              "backgroundColor": "transparent",
              "bottom": 0,
              "boxSizing": "border-box",
              "display": "block",
              "height": "100%",
              "overflow": "hidden",
              "position": "absolute",
              "resize": "none",
              "top": 0,
              "width": "100%",
            }
          }
          value=""
        />
      </div>
    </div>
    <div
      className="chatSubmitButtonContainer"
    >
      <button
        aria-label="Send"
        className="chatSubmitButton"
        disabled={true}
        onClick={[Function]}
        type="submit"
      >
        <i
          aria-label={null}
          className="md-icon icon icon-send_16"
          style={
            Object {
              "color": "rgba(220, 220, 220, 1)",
              "fontSize": 16,
            }
          }
        />
      </button>
    </div>
  </div>
</div>
`;
