// Jest Snapshot v1, https://goo.gl/fbAQLP

exports[`redux-module-media actions  #acceptIncomingCall can successfully accept an incoming call 1`] = `
Array [
  Object {
    "payload": Object {
      "call": Object {
        "activeParticipantsCount": 0,
        "direction": undefined,
        "hasJoinedOnThisDevice": false,
        "instance": Object {
          "decline": [MockFunction],
          "id": "mock-meeting",
          "leave": [Function],
        },
        "isActive": undefined,
        "isConnected": false,
        "isDeclined": false,
        "isIncoming": false,
        "isInitiated": false,
        "isReceivingAudio": undefined,
        "isReceivingVideo": undefined,
        "isRinging": false,
        "isSendingAudio": undefined,
        "isSendingVideo": undefined,
        "localMediaStream": undefined,
        "locusUrl": undefined,
        "memberships": Array [],
        "remoteAudioStream": null,
        "remoteMediaStream": undefined,
        "remoteVideoStream": null,
        "startTime": 1483228800000,
      },
      "destination": undefined,
      "id": "mock-meeting",
    },
    "type": "media/STORE_CALL",
  },
  Object {
    "payload": Object {
      "call": Object {
        "activeParticipantsCount": 0,
        "direction": undefined,
        "hasJoinedOnThisDevice": false,
        "instance": Object {
          "decline": [MockFunction],
          "hasJoinedOnThisDevice": true,
          "id": "mock-meeting",
          "leave": [Function],
        },
        "isActive": undefined,
        "isConnected": false,
        "isDeclined": false,
        "isIncoming": false,
        "isInitiated": false,
        "isReceivingAudio": undefined,
        "isReceivingVideo": undefined,
        "isRinging": false,
        "isSendingAudio": undefined,
        "isSendingVideo": undefined,
        "localMediaStream": undefined,
        "locusUrl": undefined,
        "memberships": Array [],
        "remoteAudioStream": null,
        "remoteMediaStream": undefined,
        "remoteVideoStream": null,
        "startTime": 1483228800000,
      },
      "eventName": undefined,
      "id": "mock-meeting",
    },
    "type": "media/UPDATE_CALL_STATUS",
  },
]
`;

exports[`redux-module-media actions  #declineIncomingCall can successfully decline an incoming call 1`] = `
Array [
  Object {
    "payload": Object {
      "id": "abc-123",
    },
    "type": "media/REMOVE_CALL",
  },
]
`;

exports[`redux-module-media actions  #dismissIncomingCall can successfully dismiss an incoming call 1`] = `
Array [
  Object {
    "payload": Object {
      "id": "abc-123",
    },
    "type": "media/DISMISS_INCOMING_CALL",
  },
]
`;

exports[`redux-module-media actions  #hangupCall can successfully hangup active call 1`] = `
Array [
  Object {
    "payload": Object {
      "id": "abc-123",
    },
    "type": "media/REMOVE_CALL",
  },
]
`;

exports[`redux-module-media actions  #listenForCalls can successfully attach call:incoming listener 1`] = `
Array [
  Object {
    "payload": Object {
      "status": Object {
        "isListening": true,
        "isListeningToIncoming": true,
      },
    },
    "type": "media/UPDATE_STATUS",
  },
]
`;

exports[`redux-module-media actions  #storeCall stores a call 1`] = `
Array [
  Object {
    "payload": Object {
      "call": Object {
        "activeParticipantsCount": 0,
        "direction": "",
        "hasJoinedOnThisDevice": false,
        "instance": Object {
          "acknowledge": [MockFunction],
          "answer": [MockFunction],
          "direction": "",
          "hangup": [MockFunction],
          "joined": "",
          "localMediaStream": "",
          "locusInfo": Object {
            "fullState": Object {
              "lastActive": "Sun Feb 18 2018 18:21:05 GMT",
            },
            "url": "https://locusUrl",
          },
          "off": [MockFunction],
          "on": [MockFunction],
          "once": [MockFunction],
          "receivingAudio": "",
          "reject": [MockFunction],
          "remoteAudioMuted": "",
          "remoteAudioStream": "",
          "remoteMediaStream": "",
          "remoteVideoMuted": "",
          "remoteVideoStream": "",
          "sendingAudio": "",
          "sendingVideo": "",
          "state": "active",
          "status": "",
        },
        "isActive": undefined,
        "isConnected": false,
        "isDeclined": false,
        "isIncoming": false,
        "isInitiated": false,
        "isReceivingAudio": "",
        "isReceivingVideo": undefined,
        "isRinging": false,
        "isSendingAudio": "",
        "isSendingVideo": "",
        "localMediaStream": "",
        "locusUrl": undefined,
        "memberships": Array [],
        "remoteAudioStream": null,
        "remoteMediaStream": "",
        "remoteVideoStream": null,
        "startTime": 1518978065000,
      },
      "destination": "abc@123.net",
      "id": "abc-123",
    },
    "type": "media/STORE_CALL",
  },
]
`;

exports[`redux-module-media actions  has exported actions 1`] = `
Object {
  "DISMISS_INCOMING_CALL": "media/DISMISS_INCOMING_CALL",
  "REMOVE_CALL": "media/REMOVE_CALL",
  "STORE_CALL": "media/STORE_CALL",
  "UPDATE_CALL_ERROR": "media/UPDATE_CALL_ERROR",
  "UPDATE_CALL_STATUS": "media/UPDATE_CALL_STATUS",
  "UPDATE_STATUS": "media/UPDATE_STATUS",
  "acceptIncomingCall": [Function],
  "declineIncomingCall": [Function],
  "dismissIncomingCall": [Function],
  "hangupCall": [Function],
  "listenForCalls": [Function],
  "placeCall": [Function],
  "storeCall": [Function],
  "storeExternalCall": [Function],
}
`;
