// Jest Snapshot v1, https://goo.gl/fbAQLP

exports[`Avatar component when avatar is a self type renders with active presence 1`] = `
<Avatar
  alt=""
  backgroundColor="grey"
  buttonClassName=""
  className={null}
  color="white"
  failureBadge={false}
  hasNotification={false}
  hideDefaultTooltip={false}
  icon={null}
  initials={null}
  isDecrypting={false}
  isOverview={false}
  onClick={null}
  size={40}
  src={null}
  theme={null}
  title="Test User"
  type="self"
/>
`;

exports[`Avatar component when avatar is a self type renders with ooo presence 1`] = `
<Avatar
  alt=""
  backgroundColor="grey"
  buttonClassName=""
  className={null}
  color="white"
  failureBadge={false}
  hasNotification={false}
  hideDefaultTooltip={false}
  icon={null}
  initials={null}
  isDecrypting={false}
  isOverview={false}
  onClick={null}
  size={40}
  src={null}
  theme={null}
  title="Test User"
  type="self"
/>
`;

exports[`Avatar component when avatar is a self type renders without presence 1`] = `
<Avatar
  alt=""
  backgroundColor="grey"
  buttonClassName=""
  className={null}
  color="white"
  failureBadge={false}
  hasNotification={false}
  hideDefaultTooltip={false}
  icon={null}
  initials={null}
  isDecrypting={false}
  isOverview={false}
  onClick={null}
  size={40}
  src={null}
  theme={null}
  title="Test User"
  type="self"
/>
`;

exports[`Avatar component when avatar is not a self type renders with active presence 1`] = `
<Avatar
  alt=""
  backgroundColor="grey"
  buttonClassName=""
  className={null}
  color="white"
  failureBadge={false}
  hasNotification={false}
  hideDefaultTooltip={false}
  icon={null}
  initials={null}
  isDecrypting={false}
  isOverview={false}
  onClick={null}
  size={40}
  src={null}
  theme={null}
  title="Test User"
  type="active"
/>
`;

exports[`Avatar component when avatar is not a self type renders with ooo presence 1`] = `
<Avatar
  alt=""
  backgroundColor="grey"
  buttonClassName=""
  className={null}
  color="white"
  failureBadge={false}
  hasNotification={false}
  hideDefaultTooltip={false}
  icon={null}
  initials={null}
  isDecrypting={false}
  isOverview={false}
  onClick={null}
  size={40}
  src={null}
  theme={null}
  title="Test User"
  type="ooo"
/>
`;

exports[`Avatar component when avatar is not a self type renders without presence 1`] = `
<Avatar
  alt=""
  backgroundColor="grey"
  buttonClassName=""
  className={null}
  color="white"
  failureBadge={false}
  hasNotification={false}
  hideDefaultTooltip={false}
  icon={null}
  initials={null}
  isDecrypting={false}
  isOverview={false}
  onClick={null}
  size={40}
  src={null}
  theme={null}
  title="Test User"
  type=""
/>
`;
